============================= test session starts =============================
platform win32 -- Python 3.13.11, pytest-9.0.2, pluggy-1.6.0 -- C:\Users\Admin\scoop\apps\miniconda3\current\python.exe
cachedir: .pytest_cache
hypothesis profile 'default'
benchmark: 5.2.3 (defaults: timer=time.perf_counter disable_gc=False min_rounds=5 min_time=0.000005 max_time=1.0 calibration_precision=10 warmup=False warmup_iterations=100000)
rootdir: C:\Users\Admin\Documents\github\py\ckpttnpy
configfile: setup.cfg
testpaths: tests
plugins: hypothesis-6.148.9, benchmark-5.2.3, cov-7.0.0
collecting ... collected 39 items

tests/test_FMBiConstrMgr.py::test_select_togo[diff0-0] PASSED            [  2%]
tests/test_FMBiConstrMgr.py::test_select_togo[diff1-1] PASSED            [  5%]
tests/test_FMBiConstrMgr.py::test_select_togo[diff2-1] PASSED            [  7%]
tests/test_FMBiGainCalc.py::test_init_gain[n1-part0-0-expected_gains0] PASSED [ 10%]
tests/test_FMBiGainCalc.py::test_init_gain[n1-part1-2-expected_gains1] PASSED [ 12%]
tests/test_FMBiGainCalc.py::test_init_gain[n2-part2-0-expected_gains2] PASSED [ 15%]
tests/test_FMBiGainCalc.py::test_init_gain[n2-part3-3-expected_gains3] PASSED [ 17%]
tests/test_FMBiGainCalc.py::test_init_gain[n3-part4-0-expected_gains4] PASSED [ 20%]
tests/test_FMBiGainCalc.py::test_init_gain[n3-part5-4-expected_gains5] PASSED [ 23%]
tests/test_FMBiGainMgr.py::test_FMBiGainMgr[create_test_netlist] PASSED  [ 25%]
tests/test_FMBiGainMgr.py::test_FMBiGainMgr[create_drawf] PASSED         [ 28%]
tests/test_FMBiPartMgr.py::test_FMBiPartMgr[create_drawf-dict] PASSED    [ 30%]
tests/test_FMBiPartMgr.py::test_FMBiPartMgr[create_test_netlist-dict] PASSED [ 33%]
tests/test_FMBiPartMgr.py::test_FMBiPartMgr[create_random_hgraph-list] PASSED [ 35%]
tests/test_FMBiPartMgr.py::test_FMBiPartMgr[<lambda>-list] PASSED        [ 38%]
tests/test_FMConstrMgr.py::test_check_legal PASSED                       [ 41%]
tests/test_FMConstrMgr.py::test_check_constraints PASSED                 [ 43%]
tests/test_FMConstrMgr.py::test_update_move PASSED                       [ 46%]
tests/test_FMKWayPartMgr.py::test_FMKWayPartMgr[create_drawf-3-dict] PASSED [ 48%]
tests/test_FMKWayPartMgr.py::test_FMKWayPartMgr[create_test_netlist-3-dict] PASSED [ 51%]
tests/test_FMKWayPartMgr.py::test_FMKWayPartMgr[create_random_hgraph-3-list] PASSED [ 53%]
tests/test_FMKWayPartMgr.py::test_FMKWayPartMgr[<lambda>-5-list] PASSED  [ 56%]
tests/test_MLPartMgr.py::test_MLBiPartMgr PASSED                         [ 58%]
tests/test_MLPartMgr.py::test_MLBiPartMgr2 PASSED                        [ 61%]
tests/test_MLPartMgr.py::test_MLKWayPartMgr PASSED                       [ 64%]
tests/test_MultiFPGAPartMgr.py::test_multifpga_partmgr_initialization PASSED [ 66%]
tests/test_MultiFPGAPartMgr.py::test_partition_design_basic PASSED       [ 69%]
tests/test_MultiFPGAPartMgr.py::test_validate_partition_valid_case PASSED [ 71%]
tests/test_MultiFPGAPartMgr.py::test_validate_partition_invalid_case PASSED [ 74%]
tests/test_MultiFPGAPartMgr.py::test_optimize_inter_fpga_connections PASSED [ 76%]
tests/test_min_cover.py::test_contract_subgraph PASSED                   [ 79%]
tests/test_netlist.py::test_netlist PASSED                               [ 82%]
tests/test_netlist.py::test_drawf PASSED                                 [ 84%]
tests/test_netlist.py::test_json PASSED                                  [ 87%]
tests/test_netlist.py::test_json2 PASSED                                 [ 89%]
tests/test_netlist.py::test_readjson PASSED                              [ 92%]
tests/test_networkx.py::test_Graph PASSED                                [ 94%]
tests/test_skeleton.py::test_fib PASSED                                  [ 97%]
tests/test_skeleton.py::test_main PASSED                                 [100%]

=============================== tests coverage ================================
______________ coverage: platform win32, python 3.13.11-final-0 _______________

Name                               Stmts   Miss Branch BrPart  Cover   Missing
------------------------------------------------------------------------------
src\ckpttnpy\FMBiConstrMgr.py          4      0      0      0   100%
src\ckpttnpy\FMBiGainCalc.py         120      0     52      0   100%
src\ckpttnpy\FMBiGainMgr.py           28      0      6      0   100%
src\ckpttnpy\FMConstrMgr.py           45      0      6      0   100%
src\ckpttnpy\FMGainMgr.py             56      0     12      0   100%
src\ckpttnpy\FMKWayConstrMgr.py       21      0      4      0   100%
src\ckpttnpy\FMKWayGainCalc.py       178      0     98      0   100%
src\ckpttnpy\FMKWayGainMgr.py         42      0     14      0   100%
src\ckpttnpy\FMPartMgr.py             14      0      6      0   100%
src\ckpttnpy\HierNetlist.py           27      0      8      0   100%
src\ckpttnpy\MLPartMgr.py             63      3      6      0    96%   205-207
src\ckpttnpy\MultiFPGAPartMgr.py      52     21     22      1    57%   59-75, 108, 132-133, 137, 142-154
src\ckpttnpy\PartMgrBase.py           83      1     24      1    98%   166
src\ckpttnpy\__init__.py               7      0      0      0   100%
src\ckpttnpy\min_cover.py             99      2     40      2    97%   191, 275
src\ckpttnpy\skeleton.py              32      1      2      0    97%   138
------------------------------------------------------------------------------
TOTAL                                871     28    300      4    96%
======================= 39 passed in 128.10s (0:02:08) ========================
